<?xml version="1.0"?>
<link_info>
   <banner>TMS320C6x Linker PC v7.4.14</banner>
   <copyright>Copyright (c) 1996-2015 Texas Instruments Incorporated</copyright>
   <link_time>0x575aa2e9</link_time>
   <output_file>Algorithm_LSB_Hide.out</output_file>
   <entry_point>
      <name>_c_int00</name>
      <address>0x80919720</address>
   </entry_point>
   <input_file_list>
      <input_file id="fl-2">
         <path>.\</path>
         <kind>object</kind>
         <file>main.obj</file>
         <name>main.obj</name>
      </input_file>
      <input_file id="fl-3">
         <path>.\</path>
         <kind>object</kind>
         <file>bmpconfig.obj</file>
         <name>bmpconfig.obj</name>
      </input_file>
      <input_file id="fl-81">
         <path>C:\ti\c6000_7.4.14\lib\</path>
         <kind>archive</kind>
         <file>rts6600_elf.lib</file>
         <name>boot.obj</name>
      </input_file>
      <input_file id="fl-82">
         <path>C:\ti\c6000_7.4.14\lib\</path>
         <kind>archive</kind>
         <file>rts6600_elf.lib</file>
         <name>copy_decompress_none.obj</name>
      </input_file>
      <input_file id="fl-83">
         <path>C:\ti\c6000_7.4.14\lib\</path>
         <kind>archive</kind>
         <file>rts6600_elf.lib</file>
         <name>copy_decompress_rle.obj</name>
      </input_file>
      <input_file id="fl-84">
         <path>C:\ti\c6000_7.4.14\lib\</path>
         <kind>archive</kind>
         <file>rts6600_elf.lib</file>
         <name>copy_zero_init.obj</name>
      </input_file>
      <input_file id="fl-85">
         <path>C:\ti\c6000_7.4.14\lib\</path>
         <kind>archive</kind>
         <file>rts6600_elf.lib</file>
         <name>divi.obj</name>
      </input_file>
      <input_file id="fl-86">
         <path>C:\ti\c6000_7.4.14\lib\</path>
         <kind>archive</kind>
         <file>rts6600_elf.lib</file>
         <name>exit.obj</name>
      </input_file>
      <input_file id="fl-87">
         <path>C:\ti\c6000_7.4.14\lib\</path>
         <kind>archive</kind>
         <file>rts6600_elf.lib</file>
         <name>fclose.obj</name>
      </input_file>
      <input_file id="fl-88">
         <path>C:\ti\c6000_7.4.14\lib\</path>
         <kind>archive</kind>
         <file>rts6600_elf.lib</file>
         <name>fflush.obj</name>
      </input_file>
      <input_file id="fl-89">
         <path>C:\ti\c6000_7.4.14\lib\</path>
         <kind>archive</kind>
         <file>rts6600_elf.lib</file>
         <name>fopen.obj</name>
      </input_file>
      <input_file id="fl-8a">
         <path>C:\ti\c6000_7.4.14\lib\</path>
         <kind>archive</kind>
         <file>rts6600_elf.lib</file>
         <name>fread.obj</name>
      </input_file>
      <input_file id="fl-8b">
         <path>C:\ti\c6000_7.4.14\lib\</path>
         <kind>archive</kind>
         <file>rts6600_elf.lib</file>
         <name>fwrite.obj</name>
      </input_file>
      <input_file id="fl-8c">
         <path>C:\ti\c6000_7.4.14\lib\</path>
         <kind>archive</kind>
         <file>rts6600_elf.lib</file>
         <name>lowlev.obj</name>
      </input_file>
      <input_file id="fl-8d">
         <path>C:\ti\c6000_7.4.14\lib\</path>
         <kind>archive</kind>
         <file>rts6600_elf.lib</file>
         <name>memcpy64.obj</name>
      </input_file>
      <input_file id="fl-8e">
         <path>C:\ti\c6000_7.4.14\lib\</path>
         <kind>archive</kind>
         <file>rts6600_elf.lib</file>
         <name>memory.obj</name>
      </input_file>
      <input_file id="fl-8f">
         <path>C:\ti\c6000_7.4.14\lib\</path>
         <kind>archive</kind>
         <file>rts6600_elf.lib</file>
         <name>memset.obj</name>
      </input_file>
      <input_file id="fl-90">
         <path>C:\ti\c6000_7.4.14\lib\</path>
         <kind>archive</kind>
         <file>rts6600_elf.lib</file>
         <name>perror.obj</name>
      </input_file>
      <input_file id="fl-91">
         <path>C:\ti\c6000_7.4.14\lib\</path>
         <kind>archive</kind>
         <file>rts6600_elf.lib</file>
         <name>printf.obj</name>
      </input_file>
      <input_file id="fl-92">
         <path>C:\ti\c6000_7.4.14\lib\</path>
         <kind>archive</kind>
         <file>rts6600_elf.lib</file>
         <name>rand.obj</name>
      </input_file>
      <input_file id="fl-93">
         <path>C:\ti\c6000_7.4.14\lib\</path>
         <kind>archive</kind>
         <file>rts6600_elf.lib</file>
         <name>remi.obj</name>
      </input_file>
      <input_file id="fl-94">
         <path>C:\ti\c6000_7.4.14\lib\</path>
         <kind>archive</kind>
         <file>rts6600_elf.lib</file>
         <name>remove.obj</name>
      </input_file>
      <input_file id="fl-95">
         <path>C:\ti\c6000_7.4.14\lib\</path>
         <kind>archive</kind>
         <file>rts6600_elf.lib</file>
         <name>strasg.obj</name>
      </input_file>
      <input_file id="fl-96">
         <path>C:\ti\c6000_7.4.14\lib\</path>
         <kind>archive</kind>
         <file>rts6600_elf.lib</file>
         <name>trgdrv.obj</name>
      </input_file>
      <input_file id="fl-97">
         <path>C:\ti\c6000_7.4.14\lib\</path>
         <kind>archive</kind>
         <file>rts6600_elf.lib</file>
         <name>trgmsg.obj</name>
      </input_file>
      <input_file id="fl-98">
         <path>C:\ti\c6000_7.4.14\lib\</path>
         <kind>archive</kind>
         <file>rts6600_elf.lib</file>
         <name>_bufread.obj</name>
      </input_file>
      <input_file id="fl-99">
         <path>C:\ti\c6000_7.4.14\lib\</path>
         <kind>archive</kind>
         <file>rts6600_elf.lib</file>
         <name>_io_perm.obj</name>
      </input_file>
      <input_file id="fl-9a">
         <path>C:\ti\c6000_7.4.14\lib\</path>
         <kind>archive</kind>
         <file>rts6600_elf.lib</file>
         <name>_lock.obj</name>
      </input_file>
      <input_file id="fl-9b">
         <path>C:\ti\c6000_7.4.14\lib\</path>
         <kind>archive</kind>
         <file>rts6600_elf.lib</file>
         <name>_printfi.obj</name>
      </input_file>
      <input_file id="fl-9c">
         <path>C:\ti\c6000_7.4.14\lib\</path>
         <kind>archive</kind>
         <file>rts6600_elf.lib</file>
         <name>args_main.obj</name>
      </input_file>
      <input_file id="fl-9d">
         <path>C:\ti\c6000_7.4.14\lib\</path>
         <kind>archive</kind>
         <file>rts6600_elf.lib</file>
         <name>atoi.obj</name>
      </input_file>
      <input_file id="fl-9e">
         <path>C:\ti\c6000_7.4.14\lib\</path>
         <kind>archive</kind>
         <file>rts6600_elf.lib</file>
         <name>autoinit.obj</name>
      </input_file>
      <input_file id="fl-9f">
         <path>C:\ti\c6000_7.4.14\lib\</path>
         <kind>archive</kind>
         <file>rts6600_elf.lib</file>
         <name>cpp_init.obj</name>
      </input_file>
      <input_file id="fl-a0">
         <path>C:\ti\c6000_7.4.14\lib\</path>
         <kind>archive</kind>
         <file>rts6600_elf.lib</file>
         <name>cpy_tbl.obj</name>
      </input_file>
      <input_file id="fl-a1">
         <path>C:\ti\c6000_7.4.14\lib\</path>
         <kind>archive</kind>
         <file>rts6600_elf.lib</file>
         <name>ctype.obj</name>
      </input_file>
      <input_file id="fl-a2">
         <path>C:\ti\c6000_7.4.14\lib\</path>
         <kind>archive</kind>
         <file>rts6600_elf.lib</file>
         <name>defs.obj</name>
      </input_file>
      <input_file id="fl-a3">
         <path>C:\ti\c6000_7.4.14\lib\</path>
         <kind>archive</kind>
         <file>rts6600_elf.lib</file>
         <name>divd.obj</name>
      </input_file>
      <input_file id="fl-a4">
         <path>C:\ti\c6000_7.4.14\lib\</path>
         <kind>archive</kind>
         <file>rts6600_elf.lib</file>
         <name>divu.obj</name>
      </input_file>
      <input_file id="fl-a5">
         <path>C:\ti\c6000_7.4.14\lib\</path>
         <kind>archive</kind>
         <file>rts6600_elf.lib</file>
         <name>errno.obj</name>
      </input_file>
      <input_file id="fl-a6">
         <path>C:\ti\c6000_7.4.14\lib\</path>
         <kind>archive</kind>
         <file>rts6600_elf.lib</file>
         <name>fputc.obj</name>
      </input_file>
      <input_file id="fl-a7">
         <path>C:\ti\c6000_7.4.14\lib\</path>
         <kind>archive</kind>
         <file>rts6600_elf.lib</file>
         <name>fputs.obj</name>
      </input_file>
      <input_file id="fl-a8">
         <path>C:\ti\c6000_7.4.14\lib\</path>
         <kind>archive</kind>
         <file>rts6600_elf.lib</file>
         <name>frcmpyd_div.obj</name>
      </input_file>
      <input_file id="fl-a9">
         <path>C:\ti\c6000_7.4.14\lib\</path>
         <kind>archive</kind>
         <file>rts6600_elf.lib</file>
         <name>fseek.obj</name>
      </input_file>
      <input_file id="fl-aa">
         <path>C:\ti\c6000_7.4.14\lib\</path>
         <kind>archive</kind>
         <file>rts6600_elf.lib</file>
         <name>imath40.obj</name>
      </input_file>
      <input_file id="fl-ab">
         <path>C:\ti\c6000_7.4.14\lib\</path>
         <kind>archive</kind>
         <file>rts6600_elf.lib</file>
         <name>imath64.obj</name>
      </input_file>
      <input_file id="fl-ac">
         <path>C:\ti\c6000_7.4.14\lib\</path>
         <kind>archive</kind>
         <file>rts6600_elf.lib</file>
         <name>isinf.obj</name>
      </input_file>
      <input_file id="fl-ad">
         <path>C:\ti\c6000_7.4.14\lib\</path>
         <kind>archive</kind>
         <file>rts6600_elf.lib</file>
         <name>llshift.obj</name>
      </input_file>
      <input_file id="fl-ae">
         <path>C:\ti\c6000_7.4.14\lib\</path>
         <kind>archive</kind>
         <file>rts6600_elf.lib</file>
         <name>ltoa.obj</name>
      </input_file>
      <input_file id="fl-af">
         <path>C:\ti\c6000_7.4.14\lib\</path>
         <kind>archive</kind>
         <file>rts6600_elf.lib</file>
         <name>memccpy.obj</name>
      </input_file>
      <input_file id="fl-b0">
         <path>C:\ti\c6000_7.4.14\lib\</path>
         <kind>archive</kind>
         <file>rts6600_elf.lib</file>
         <name>negll.obj</name>
      </input_file>
      <input_file id="fl-b1">
         <path>C:\ti\c6000_7.4.14\lib\</path>
         <kind>archive</kind>
         <file>rts6600_elf.lib</file>
         <name>setvbuf.obj</name>
      </input_file>
      <input_file id="fl-b2">
         <path>C:\ti\c6000_7.4.14\lib\</path>
         <kind>archive</kind>
         <file>rts6600_elf.lib</file>
         <name>tls.obj</name>
      </input_file>
      <input_file id="fl-b3">
         <path>C:\ti\c6000_7.4.14\lib\</path>
         <kind>archive</kind>
         <file>rts6600_elf.lib</file>
         <name>tls_get_tp.obj</name>
      </input_file>
      <input_file id="fl-b4">
         <path>C:\ti\c6000_7.4.14\lib\</path>
         <kind>archive</kind>
         <file>rts6600_elf.lib</file>
         <name>abs.obj</name>
      </input_file>
   </input_file_list>
   <object_component_list>
      <object_component id="oc-11">
         <name>.text:_c_int00</name>
         <load_address>0x80919720</load_address>
         <run_address>0x80919720</run_address>
         <size>0x80</size>
         <input_file_ref idref="fl-81"/>
      </object_component>
      <object_component id="oc-b9">
         <name>.text</name>
         <load_address>0x80910000</load_address>
         <run_address>0x80910000</run_address>
         <size>0xde0</size>
         <input_file_ref idref="fl-3"/>
      </object_component>
      <object_component id="oc-2f0">
         <name>.text:__c6xabi_divd</name>
         <load_address>0x80910de0</load_address>
         <run_address>0x80910de0</run_address>
         <size>0x5c0</size>
         <input_file_ref idref="fl-a3"/>
      </object_component>
      <object_component id="oc-284">
         <name>.text:_getarg_diouxp</name>
         <load_address>0x809113a0</load_address>
         <run_address>0x809113a0</run_address>
         <size>0x5c0</size>
         <input_file_ref idref="fl-9b"/>
      </object_component>
      <object_component id="oc-15f">
         <name>.text:_setfield</name>
         <load_address>0x80911960</load_address>
         <run_address>0x80911960</run_address>
         <size>0x520</size>
         <input_file_ref idref="fl-9b"/>
      </object_component>
      <object_component id="oc-115">
         <name>.text:fwrite</name>
         <load_address>0x80911e80</load_address>
         <run_address>0x80911e80</run_address>
         <size>0x4c0</size>
         <input_file_ref idref="fl-8b"/>
      </object_component>
      <object_component id="oc-ee">
         <name>.text:_printfi</name>
         <load_address>0x80912340</load_address>
         <run_address>0x80912340</run_address>
         <size>0x460</size>
         <input_file_ref idref="fl-9b"/>
      </object_component>
      <object_component id="oc-149">
         <name>.text:fputs</name>
         <load_address>0x809127a0</load_address>
         <run_address>0x809127a0</run_address>
         <size>0x3a0</size>
         <input_file_ref idref="fl-a7"/>
      </object_component>
      <object_component id="oc-1f5">
         <name>.text:_pproc_fge</name>
         <load_address>0x80912b40</load_address>
         <run_address>0x80912b40</run_address>
         <size>0x320</size>
         <input_file_ref idref="fl-9b"/>
      </object_component>
      <object_component id="oc-15a">
         <name>.text:_pproc_fwp</name>
         <load_address>0x80912e60</load_address>
         <run_address>0x80912e60</run_address>
         <size>0x2e0</size>
         <input_file_ref idref="fl-9b"/>
      </object_component>
      <object_component id="oc-101">
         <name>.text:fread</name>
         <load_address>0x80913140</load_address>
         <run_address>0x80913140</run_address>
         <size>0x2c0</size>
         <input_file_ref idref="fl-8a"/>
      </object_component>
      <object_component id="oc-2e5">
         <name>.text:fcvt</name>
         <load_address>0x80913400</load_address>
         <run_address>0x80913400</run_address>
         <size>0x2a0</size>
         <input_file_ref idref="fl-9b"/>
      </object_component>
      <object_component id="oc-2d5">
         <name>.text:ecvt</name>
         <load_address>0x809136a0</load_address>
         <run_address>0x809136a0</run_address>
         <size>0x280</size>
         <input_file_ref idref="fl-9b"/>
      </object_component>
      <object_component id="oc-133">
         <name>.text:free</name>
         <load_address>0x80913920</load_address>
         <run_address>0x80913920</run_address>
         <size>0x280</size>
         <input_file_ref idref="fl-8e"/>
      </object_component>
      <object_component id="oc-358">
         <name>.text:__c6xabi_divull</name>
         <load_address>0x80913ba0</load_address>
         <run_address>0x80913ba0</run_address>
         <size>0x240</size>
         <input_file_ref idref="fl-ab"/>
      </object_component>
      <object_component id="oc-27e">
         <name>.text:_pconv_e</name>
         <load_address>0x80913de0</load_address>
         <run_address>0x80913de0</run_address>
         <size>0x240</size>
         <input_file_ref idref="fl-9b"/>
      </object_component>
      <object_component id="oc-1fa">
         <name>.text:_pproc_diouxp</name>
         <load_address>0x80914020</load_address>
         <run_address>0x80914020</run_address>
         <size>0x240</size>
         <input_file_ref idref="fl-9b"/>
      </object_component>
      <object_component id="oc-164">
         <name>.text:_pproc_str</name>
         <load_address>0x80914260</load_address>
         <run_address>0x80914260</run_address>
         <size>0x220</size>
         <input_file_ref idref="fl-9b"/>
      </object_component>
      <object_component id="oc-14f">
         <name>.text:fputc</name>
         <load_address>0x80914480</load_address>
         <run_address>0x80914480</run_address>
         <size>0x220</size>
         <input_file_ref idref="fl-a6"/>
      </object_component>
      <object_component id="oc-274">
         <name>.text:_pconv_g</name>
         <load_address>0x809146a0</load_address>
         <run_address>0x809146a0</run_address>
         <size>0x200</size>
         <input_file_ref idref="fl-9b"/>
      </object_component>
      <object_component id="oc-225">
         <name>.text:setvbuf</name>
         <load_address>0x809148a0</load_address>
         <run_address>0x809148a0</run_address>
         <size>0x200</size>
         <input_file_ref idref="fl-b1"/>
      </object_component>
      <object_component id="oc-2df">
         <name>.text:_mcpy</name>
         <load_address>0x80914aa0</load_address>
         <run_address>0x80914aa0</run_address>
         <size>0x1c0</size>
         <input_file_ref idref="fl-9b"/>
      </object_component>
      <object_component id="oc-180">
         <name>.text:_openfile</name>
         <load_address>0x80914c60</load_address>
         <run_address>0x80914c60</run_address>
         <size>0x1c0</size>
         <input_file_ref idref="fl-89"/>
      </object_component>
      <object_component id="oc-6e">
         <name>.text</name>
         <load_address>0x80914e20</load_address>
         <run_address>0x80914e20</run_address>
         <size>0x1c0</size>
         <input_file_ref idref="fl-2"/>
      </object_component>
      <object_component id="oc-332">
         <name>.text:HOSTrename</name>
         <load_address>0x80914fe0</load_address>
         <run_address>0x80914fe0</run_address>
         <size>0x1a0</size>
         <input_file_ref idref="fl-96"/>
      </object_component>
      <object_component id="oc-353">
         <name>.text:__c6xabi_divul</name>
         <load_address>0x80915180</load_address>
         <run_address>0x80915180</run_address>
         <size>0x1a0</size>
         <input_file_ref idref="fl-aa"/>
      </object_component>
      <object_component id="oc-4c">
         <name>.text:__TI_decompress_rle_core</name>
         <load_address>0x80915320</load_address>
         <run_address>0x80915320</run_address>
         <size>0x180</size>
         <input_file_ref idref="fl-83"/>
      </object_component>
      <object_component id="oc-106">
         <name>.text:malloc</name>
         <load_address>0x809154a0</load_address>
         <run_address>0x809154a0</run_address>
         <size>0x180</size>
         <input_file_ref idref="fl-8e"/>
      </object_component>
      <object_component id="oc-218">
         <name>.text:open</name>
         <load_address>0x80915620</load_address>
         <run_address>0x80915620</run_address>
         <size>0x180</size>
         <input_file_ref idref="fl-8c"/>
      </object_component>
      <object_component id="oc-155">
         <name>.text:_pproc_fflags</name>
         <load_address>0x809157a0</load_address>
         <run_address>0x809157a0</run_address>
         <size>0x140</size>
         <input_file_ref idref="fl-9b"/>
      </object_component>
      <object_component id="oc-29e">
         <name>.text:getdevice</name>
         <load_address>0x809158e0</load_address>
         <run_address>0x809158e0</run_address>
         <size>0x140</size>
         <input_file_ref idref="fl-8c"/>
      </object_component>
      <object_component id="oc-11f">
         <name>.text:perror</name>
         <load_address>0x80915a20</load_address>
         <run_address>0x80915a20</run_address>
         <size>0x140</size>
         <input_file_ref idref="fl-90"/>
      </object_component>
      <object_component id="oc-18c">
         <name>.text:_buff_read</name>
         <load_address>0x80915b60</load_address>
         <run_address>0x80915b60</run_address>
         <size>0x120</size>
         <input_file_ref idref="fl-98"/>
      </object_component>
      <object_component id="oc-1b0">
         <name>.text:_closefile</name>
         <load_address>0x80915c80</load_address>
         <run_address>0x80915c80</run_address>
         <size>0x120</size>
         <input_file_ref idref="fl-87"/>
      </object_component>
      <object_component id="oc-28e">
         <name>.text:_ltostr</name>
         <load_address>0x80915da0</load_address>
         <run_address>0x80915da0</run_address>
         <size>0x120</size>
         <input_file_ref idref="fl-9b"/>
      </object_component>
      <object_component id="oc-17b">
         <name>.text:_search_fp</name>
         <load_address>0x80915ec0</load_address>
         <run_address>0x80915ec0</run_address>
         <size>0x120</size>
         <input_file_ref idref="fl-89"/>
      </object_component>
      <object_component id="oc-24b">
         <name>.text:fseek</name>
         <load_address>0x80915fe0</load_address>
         <run_address>0x80915fe0</run_address>
         <size>0x120</size>
         <input_file_ref idref="fl-a9"/>
      </object_component>
      <object_component id="oc-328">
         <name>.text:HOSTlseek</name>
         <load_address>0x80916100</load_address>
         <run_address>0x80916100</run_address>
         <size>0x100</size>
         <input_file_ref idref="fl-96"/>
      </object_component>
      <object_component id="oc-2b">
         <name>.text:_auto_init_elf</name>
         <load_address>0x80916200</load_address>
         <run_address>0x80916200</run_address>
         <size>0x100</size>
         <input_file_ref idref="fl-9e"/>
      </object_component>
      <object_component id="oc-1b8">
         <name>.text:_wrt_ok</name>
         <load_address>0x80916300</load_address>
         <run_address>0x80916300</run_address>
         <size>0x100</size>
         <input_file_ref idref="fl-99"/>
      </object_component>
      <object_component id="oc-5e">
         <name>.text:copy_in</name>
         <load_address>0x80916400</load_address>
         <run_address>0x80916400</run_address>
         <size>0x100</size>
         <input_file_ref idref="fl-a0"/>
      </object_component>
      <object_component id="oc-314">
         <name>.text:HOSTopen</name>
         <load_address>0x80916500</load_address>
         <run_address>0x80916500</run_address>
         <size>0xe0</size>
         <input_file_ref idref="fl-96"/>
      </object_component>
      <object_component id="oc-31e">
         <name>.text:HOSTread</name>
         <load_address>0x809165e0</load_address>
         <run_address>0x809165e0</run_address>
         <size>0xe0</size>
         <input_file_ref idref="fl-96"/>
      </object_component>
      <object_component id="oc-11a">
         <name>.text:__divi</name>
         <load_address>0x809166c0</load_address>
         <run_address>0x809166c0</run_address>
         <size>0xe0</size>
         <input_file_ref idref="fl-85"/>
      </object_component>
      <object_component id="oc-302">
         <name>.text:_div</name>
         <load_address>0x809167a0</load_address>
         <run_address>0x809167a0</run_address>
         <size>0xe0</size>
         <input_file_ref idref="fl-9b"/>
      </object_component>
      <object_component id="oc-1ef">
         <name>.text:atoi</name>
         <load_address>0x80916880</load_address>
         <run_address>0x80916880</run_address>
         <size>0xe0</size>
         <input_file_ref idref="fl-9d"/>
      </object_component>
      <object_component id="oc-23b">
         <name>.text:close</name>
         <load_address>0x80916960</load_address>
         <run_address>0x80916960</run_address>
         <size>0xe0</size>
         <input_file_ref idref="fl-8c"/>
      </object_component>
      <object_component id="oc-1b">
         <name>.text:decompress:ZI:__TI_zero_init</name>
         <load_address>0x80916a40</load_address>
         <run_address>0x80916a40</run_address>
         <size>0xe0</size>
         <input_file_ref idref="fl-84"/>
      </object_component>
      <object_component id="oc-33e">
         <name>.text:ltoa</name>
         <load_address>0x80916b20</load_address>
         <run_address>0x80916b20</run_address>
         <size>0xe0</size>
         <input_file_ref idref="fl-ae"/>
      </object_component>
      <object_component id="oc-1ea">
         <name>.text:memset</name>
         <load_address>0x80916c00</load_address>
         <run_address>0x80916c00</run_address>
         <size>0xe0</size>
         <input_file_ref idref="fl-8f"/>
      </object_component>
      <object_component id="oc-b4">
         <name>.text:printf</name>
         <load_address>0x80916ce0</load_address>
         <run_address>0x80916ce0</run_address>
         <size>0xe0</size>
         <input_file_ref idref="fl-91"/>
      </object_component>
      <object_component id="oc-32d">
         <name>.text:HOSTunlink</name>
         <load_address>0x80916dc0</load_address>
         <run_address>0x80916dc0</run_address>
         <size>0xc0</size>
         <input_file_ref idref="fl-96"/>
      </object_component>
      <object_component id="oc-323">
         <name>.text:HOSTwrite</name>
         <load_address>0x80916e80</load_address>
         <run_address>0x80916e80</run_address>
         <size>0xc0</size>
         <input_file_ref idref="fl-96"/>
      </object_component>
      <object_component id="oc-191">
         <name>.text:__divu</name>
         <load_address>0x80916f40</load_address>
         <run_address>0x80916f40</run_address>
         <size>0xc0</size>
         <input_file_ref idref="fl-a4"/>
      </object_component>
      <object_component id="oc-12e">
         <name>.text:__remi</name>
         <load_address>0x80917000</load_address>
         <run_address>0x80917000</run_address>
         <size>0xc0</size>
         <input_file_ref idref="fl-93"/>
      </object_component>
      <object_component id="oc-1bd">
         <name>.text:_doflush</name>
         <load_address>0x809170c0</load_address>
         <run_address>0x809170c0</run_address>
         <size>0xc0</size>
         <input_file_ref idref="fl-88"/>
      </object_component>
      <object_component id="oc-187">
         <name>.text:_rd_ok</name>
         <load_address>0x80917180</load_address>
         <run_address>0x80917180</run_address>
         <size>0xc0</size>
         <input_file_ref idref="fl-99"/>
      </object_component>
      <object_component id="oc-35">
         <name>.text:exit</name>
         <load_address>0x80917240</load_address>
         <run_address>0x80917240</run_address>
         <size>0xc0</size>
         <input_file_ref idref="fl-86"/>
      </object_component>
      <object_component id="oc-63">
         <name>.text:tls:init:__TI_tls_init</name>
         <load_address>0x80917300</load_address>
         <run_address>0x80917300</run_address>
         <size>0xc0</size>
         <input_file_ref idref="fl-b2"/>
      </object_component>
      <object_component id="oc-319">
         <name>.text:HOSTclose</name>
         <load_address>0x809173c0</load_address>
         <run_address>0x809173c0</run_address>
         <size>0xa0</size>
         <input_file_ref idref="fl-96"/>
      </object_component>
      <object_component id="oc-213">
         <name>.text:_cleanup</name>
         <load_address>0x80917460</load_address>
         <run_address>0x80917460</run_address>
         <size>0xa0</size>
         <input_file_ref idref="fl-89"/>
      </object_component>
      <object_component id="oc-2da">
         <name>.text:_ecpy</name>
         <load_address>0x80917500</load_address>
         <run_address>0x80917500</run_address>
         <size>0xa0</size>
         <input_file_ref idref="fl-9b"/>
      </object_component>
      <object_component id="oc-2ea">
         <name>.text:_fcpy</name>
         <load_address>0x809175a0</load_address>
         <run_address>0x809175a0</run_address>
         <size>0xa0</size>
         <input_file_ref idref="fl-9b"/>
      </object_component>
      <object_component id="oc-1a0">
         <name>.text:_minit</name>
         <load_address>0x80917640</load_address>
         <run_address>0x80917640</run_address>
         <size>0xa0</size>
         <input_file_ref idref="fl-8e"/>
      </object_component>
      <object_component id="oc-279">
         <name>.text:_pconv_f</name>
         <load_address>0x809176e0</load_address>
         <run_address>0x809176e0</run_address>
         <size>0xa0</size>
         <input_file_ref idref="fl-9b"/>
      </object_component>
      <object_component id="oc-30c">
         <name>.text:finddevice</name>
         <load_address>0x80917780</load_address>
         <run_address>0x80917780</run_address>
         <size>0xa0</size>
         <input_file_ref idref="fl-8c"/>
      </object_component>
      <object_component id="oc-2bf">
         <name>.text:lseek</name>
         <load_address>0x80917820</load_address>
         <run_address>0x80917820</run_address>
         <size>0xa0</size>
         <input_file_ref idref="fl-8c"/>
      </object_component>
      <object_component id="oc-3b">
         <name>.text:memcpy</name>
         <load_address>0x809178c0</load_address>
         <run_address>0x809178c0</run_address>
         <size>0xa0</size>
         <input_file_ref idref="fl-8d"/>
      </object_component>
      <object_component id="oc-1aa">
         <name>.text:minsert</name>
         <load_address>0x80917960</load_address>
         <run_address>0x80917960</run_address>
         <size>0xa0</size>
         <input_file_ref idref="fl-8e"/>
      </object_component>
      <object_component id="oc-1a5">
         <name>.text:mremove</name>
         <load_address>0x80917a00</load_address>
         <run_address>0x80917a00</run_address>
         <size>0xa0</size>
         <input_file_ref idref="fl-8e"/>
      </object_component>
      <object_component id="oc-196">
         <name>.text:read</name>
         <load_address>0x80917aa0</load_address>
         <run_address>0x80917aa0</run_address>
         <size>0xa0</size>
         <input_file_ref idref="fl-8c"/>
      </object_component>
      <object_component id="oc-1c2">
         <name>.text:write</name>
         <load_address>0x80917b40</load_address>
         <run_address>0x80917b40</run_address>
         <size>0xa0</size>
         <input_file_ref idref="fl-8c"/>
      </object_component>
      <object_component id="oc-383">
         <name>.text:__c6xabi_llshl</name>
         <load_address>0x80917be0</load_address>
         <run_address>0x80917be0</run_address>
         <size>0x80</size>
         <input_file_ref idref="fl-ad"/>
      </object_component>
      <object_component id="oc-129">
         <name>.text:rand</name>
         <load_address>0x80917c60</load_address>
         <run_address>0x80917c60</run_address>
         <size>0x80</size>
         <input_file_ref idref="fl-92"/>
      </object_component>
      <object_component id="oc-367">
         <name>.text:readmsg</name>
         <load_address>0x80917ce0</load_address>
         <run_address>0x80917ce0</run_address>
         <size>0x80</size>
         <input_file_ref idref="fl-97"/>
      </object_component>
      <object_component id="oc-240">
         <name>.text:unlink</name>
         <load_address>0x80917d60</load_address>
         <run_address>0x80917d60</run_address>
         <size>0x80</size>
         <input_file_ref idref="fl-8c"/>
      </object_component>
      <object_component id="oc-68">
         <name>.text:__TI_cpp_init</name>
         <load_address>0x80917de0</load_address>
         <run_address>0x80917de0</run_address>
         <size>0x60</size>
         <input_file_ref idref="fl-9f"/>
      </object_component>
      <object_component id="oc-34d">
         <name>.text:__c6xabi_frcmpyd_div</name>
         <load_address>0x80917e40</load_address>
         <run_address>0x80917e40</run_address>
         <size>0x60</size>
         <input_file_ref idref="fl-a8"/>
      </object_component>
      <object_component id="oc-348">
         <name>.text:__c6xabi_llshru</name>
         <load_address>0x80917ea0</load_address>
         <run_address>0x80917ea0</run_address>
         <size>0x60</size>
         <input_file_ref idref="fl-ad"/>
      </object_component>
      <object_component id="oc-388">
         <name>.text:_subcull</name>
         <load_address>0x80917f00</load_address>
         <run_address>0x80917f00</run_address>
         <size>0x60</size>
         <input_file_ref idref="fl-ab"/>
      </object_component>
      <object_component id="oc-10b">
         <name>.text:fclose</name>
         <load_address>0x80917f60</load_address>
         <run_address>0x80917f60</run_address>
         <size>0x60</size>
         <input_file_ref idref="fl-87"/>
      </object_component>
      <object_component id="oc-fc">
         <name>.text:fopen</name>
         <load_address>0x80917fc0</load_address>
         <run_address>0x80917fc0</run_address>
         <size>0x60</size>
         <input_file_ref idref="fl-89"/>
      </object_component>
      <object_component id="oc-1ff">
         <name>.text:memccpy</name>
         <load_address>0x80918020</load_address>
         <run_address>0x80918020</run_address>
         <size>0x60</size>
         <input_file_ref idref="fl-af"/>
      </object_component>
      <object_component id="oc-124">
         <name>.text:srand</name>
         <load_address>0x80918080</load_address>
         <run_address>0x80918080</run_address>
         <size>0x60</size>
         <input_file_ref idref="fl-92"/>
      </object_component>
      <object_component id="oc-299">
         <name>.text:tabinit</name>
         <load_address>0x809180e0</load_address>
         <run_address>0x809180e0</run_address>
         <size>0x60</size>
         <input_file_ref idref="fl-8c"/>
      </object_component>
      <object_component id="oc-362">
         <name>.text:writemsg</name>
         <load_address>0x80918140</load_address>
         <run_address>0x80918140</run_address>
         <size>0x60</size>
         <input_file_ref idref="fl-97"/>
      </object_component>
      <object_component id="oc-26f">
         <name>.text:__c6xabi_isinf</name>
         <load_address>0x809181a0</load_address>
         <run_address>0x809181a0</run_address>
         <size>0x40</size>
         <input_file_ref idref="fl-ac"/>
      </object_component>
      <object_component id="oc-26a">
         <name>.text:__c6xabi_isnan</name>
         <load_address>0x809181e0</load_address>
         <run_address>0x809181e0</run_address>
         <size>0x40</size>
         <input_file_ref idref="fl-9b"/>
      </object_component>
      <object_component id="oc-110">
         <name>.text:__strasgi_64plus</name>
         <load_address>0x80918220</load_address>
         <run_address>0x80918220</run_address>
         <size>0x40</size>
         <input_file_ref idref="fl-95"/>
      </object_component>
      <object_component id="oc-30">
         <name>.text:_args_main</name>
         <load_address>0x80918260</load_address>
         <run_address>0x80918260</run_address>
         <size>0x40</size>
         <input_file_ref idref="fl-9c"/>
      </object_component>
      <object_component id="oc-1cb">
         <name>.text:__c6xabi_errno_addr</name>
         <load_address>0x809182a0</load_address>
         <run_address>0x809182a0</run_address>
         <size>0x20</size>
         <input_file_ref idref="fl-a5"/>
      </object_component>
      <object_component id="oc-289">
         <name>.text:__c6xabi_negll</name>
         <load_address>0x809182c0</load_address>
         <run_address>0x809182c0</run_address>
         <size>0x20</size>
         <input_file_ref idref="fl-b0"/>
      </object_component>
      <object_component id="oc-13e">
         <name>.text:_nop</name>
         <load_address>0x809182e0</load_address>
         <run_address>0x809182e0</run_address>
         <size>0x20</size>
         <input_file_ref idref="fl-9a"/>
      </object_component>
      <object_component id="oc-e9">
         <name>.text:_outc</name>
         <load_address>0x80918300</load_address>
         <run_address>0x80918300</run_address>
         <size>0x20</size>
         <input_file_ref idref="fl-91"/>
      </object_component>
      <object_component id="oc-e4">
         <name>.text:_outs</name>
         <load_address>0x80918320</load_address>
         <run_address>0x80918320</run_address>
         <size>0x20</size>
         <input_file_ref idref="fl-91"/>
      </object_component>
      <object_component id="oc-7d">
         <name>.text:abort</name>
         <load_address>0x80918340</load_address>
         <run_address>0x80918340</run_address>
         <size>0x20</size>
         <input_file_ref idref="fl-86"/>
      </object_component>
      <object_component id="oc-16">
         <name>.text:decompress:none:__TI_decompress_none</name>
         <load_address>0x80918360</load_address>
         <run_address>0x80918360</run_address>
         <size>0x20</size>
         <input_file_ref idref="fl-82"/>
      </object_component>
      <object_component id="oc-20">
         <name>.text:decompress:rle24:__TI_decompress_rle24</name>
         <load_address>0x80918380</load_address>
         <run_address>0x80918380</run_address>
         <size>0x20</size>
         <input_file_ref idref="fl-83"/>
      </object_component>
      <object_component id="oc-3c5">
         <name>.cinit..fardata.load</name>
         <load_address>0x809197a0</load_address>
         <run_address>0x809197a0</run_address>
         <size>0x72</size>
      </object_component>
      <object_component id="oc-3c2">
         <name>__TI_handler_table</name>
         <load_address>0x80919814</load_address>
         <run_address>0x80919814</run_address>
         <size>0xc</size>
      </object_component>
      <object_component id="oc-3c6">
         <name>.cinit..bss.load</name>
         <load_address>0x80919820</load_address>
         <run_address>0x80919820</run_address>
         <size>0x8</size>
      </object_component>
      <object_component id="oc-3c4">
         <name>.cinit..far.load</name>
         <load_address>0x80919828</load_address>
         <run_address>0x80919828</run_address>
         <size>0x8</size>
      </object_component>
      <object_component id="oc-3c3">
         <name>__TI_cinit_table</name>
         <load_address>0x80919830</load_address>
         <run_address>0x80919830</run_address>
         <size>0x18</size>
      </object_component>
      <object_component id="oc-b1">
         <name>.const:info</name>
         <load_address>0x80918ce8</load_address>
         <run_address>0x80918ce8</run_address>
         <size>0x2d8</size>
         <input_file_ref idref="fl-2"/>
      </object_component>
      <object_component id="oc-b0">
         <name>.const:.string</name>
         <load_address>0x80918fc0</load_address>
         <run_address>0x80918fc0</run_address>
         <size>0x12c</size>
         <input_file_ref idref="fl-2"/>
      </object_component>
      <object_component id="oc-265">
         <name>.const:.string:_ctypes_</name>
         <load_address>0x809190f0</load_address>
         <run_address>0x809190f0</run_address>
         <size>0x101</size>
         <input_file_ref idref="fl-a1"/>
      </object_component>
      <object_component id="oc-1ca">
         <name>.const:.string</name>
         <load_address>0x809191f1</load_address>
         <run_address>0x809191f1</run_address>
         <size>0x64</size>
         <input_file_ref idref="fl-90"/>
      </object_component>
      <object_component id="oc-f5">
         <name>.const:.string</name>
         <load_address>0x80919258</load_address>
         <run_address>0x80919258</run_address>
         <size>0x44</size>
         <input_file_ref idref="fl-3"/>
      </object_component>
      <object_component id="oc-204">
         <name>.const:.string</name>
         <load_address>0x8091929c</load_address>
         <run_address>0x8091929c</run_address>
         <size>0x23</size>
         <input_file_ref idref="fl-9b"/>
      </object_component>
      <object_component id="oc-25">
         <name>.stack</name>
         <uninitialized>true</uninitialized>
         <run_address>0x80900000</run_address>
         <size>0x8</size>
         <input_file_ref idref="fl-81"/>
      </object_component>
      <object_component id="oc-3c7">
         <name>.stack</name>
         <uninitialized>true</uninitialized>
         <run_address>0x80900000</run_address>
         <size>0x0</size>
      </object_component>
      <object_component id="oc-f9">
         <name>.far</name>
         <uninitialized>true</uninitialized>
         <run_address>0x809183a0</run_address>
         <size>0x800</size>
         <input_file_ref idref="fl-3"/>
      </object_component>
      <object_component id="oc-245">
         <name>.far</name>
         <uninitialized>true</uninitialized>
         <run_address>0x80918ba0</run_address>
         <size>0x140</size>
         <input_file_ref idref="fl-a2"/>
      </object_component>
      <object_component id="oc-35f">
         <name>.far</name>
         <uninitialized>true</uninitialized>
         <run_address>0x80918ce0</run_address>
         <size>0x8</size>
         <input_file_ref idref="fl-96"/>
      </object_component>
      <object_component id="oc-7a">
         <name>.fardata</name>
         <load_address>0x809195b8</load_address>
         <run_address>0x809195b8</run_address>
         <size>0xc</size>
         <input_file_ref idref="fl-86"/>
      </object_component>
      <object_component id="oc-de">
         <name>.fardata</name>
         <load_address>0x809195d0</load_address>
         <run_address>0x809195d0</run_address>
         <size>0x8</size>
         <input_file_ref idref="fl-9a"/>
      </object_component>
      <object_component id="oc-e1">
         <name>.fardata:_ftable</name>
         <load_address>0x809192c0</load_address>
         <run_address>0x809192c0</run_address>
         <size>0x1e0</size>
         <input_file_ref idref="fl-a2"/>
      </object_component>
      <object_component id="oc-19d">
         <name>.fardata</name>
         <load_address>0x809195c4</load_address>
         <run_address>0x809195c4</run_address>
         <size>0xc</size>
         <input_file_ref idref="fl-8e"/>
      </object_component>
      <object_component id="oc-1d2">
         <name>.fardata</name>
         <load_address>0x809195e8</load_address>
         <run_address>0x809195e8</run_address>
         <size>0x4</size>
         <input_file_ref idref="fl-92"/>
      </object_component>
      <object_component id="oc-20e">
         <name>.fardata</name>
         <load_address>0x809195e0</load_address>
         <run_address>0x809195e0</run_address>
         <size>0x4</size>
         <input_file_ref idref="fl-89"/>
      </object_component>
      <object_component id="oc-20f">
         <name>.fardata</name>
         <load_address>0x809195d8</load_address>
         <run_address>0x809195d8</run_address>
         <size>0x4</size>
         <input_file_ref idref="fl-a2"/>
      </object_component>
      <object_component id="oc-22f">
         <name>.fardata:_stream</name>
         <load_address>0x809194a0</load_address>
         <run_address>0x809194a0</run_address>
         <size>0xa0</size>
         <input_file_ref idref="fl-8c"/>
      </object_component>
      <object_component id="oc-256">
         <name>.fardata</name>
         <load_address>0x809195dc</load_address>
         <run_address>0x809195dc</run_address>
         <size>0x4</size>
         <input_file_ref idref="fl-a5"/>
      </object_component>
      <object_component id="oc-2aa">
         <name>.fardata:_device</name>
         <load_address>0x80919540</load_address>
         <run_address>0x80919540</run_address>
         <size>0x78</size>
         <input_file_ref idref="fl-8c"/>
      </object_component>
      <object_component id="oc-30a">
         <name>.fardata</name>
         <load_address>0x809195e4</load_address>
         <run_address>0x809195e4</run_address>
         <size>0x4</size>
         <input_file_ref idref="fl-8c"/>
      </object_component>
      <object_component id="oc-390">
         <name>.cio</name>
         <uninitialized>true</uninitialized>
         <run_address>0x809195f0</run_address>
         <size>0x120</size>
         <input_file_ref idref="fl-97"/>
      </object_component>
      <object_component id="oc-28">
         <name>.sysmem</name>
         <uninitialized>true</uninitialized>
         <run_address>0x80000000</run_address>
         <size>0x8</size>
         <input_file_ref idref="fl-8e"/>
      </object_component>
      <object_component id="oc-3c8">
         <name>.sysmem</name>
         <uninitialized>true</uninitialized>
         <run_address>0x80000000</run_address>
         <size>0x0</size>
      </object_component>
      <object_component id="oc-f6">
         <name>.bss</name>
         <uninitialized>true</uninitialized>
         <run_address>0x80919710</run_address>
         <size>0x8</size>
         <input_file_ref idref="fl-3"/>
      </object_component>
      <object_component id="oc-12">
         <name>.debug_info</name>
         <load_address>0x0</load_address>
         <run_address>0x0</run_address>
         <size>0x111</size>
         <input_file_ref idref="fl-81"/>
      </object_component>
      <object_component id="oc-17">
         <name>.debug_info</name>
         <load_address>0x111</load_address>
         <run_address>0x111</run_address>
         <size>0x150</size>
         <input_file_ref idref="fl-82"/>
      </object_component>
      <object_component id="oc-1c">
         <name>.debug_info</name>
         <load_address>0x261</load_address>
         <run_address>0x261</run_address>
         <size>0x191</size>
         <input_file_ref idref="fl-84"/>
      </object_component>
      <object_component id="oc-21">
         <name>.debug_info</name>
         <load_address>0x3f2</load_address>
         <run_address>0x3f2</run_address>
         <size>0x16d</size>
         <input_file_ref idref="fl-83"/>
      </object_component>
      <object_component id="oc-26">
         <name>.debug_info</name>
         <load_address>0x55f</load_address>
         <run_address>0x55f</run_address>
         <size>0xa8</size>
         <input_file_ref idref="fl-81"/>
      </object_component>
      <object_component id="oc-29">
         <name>.debug_info</name>
         <load_address>0x607</load_address>
         <run_address>0x607</run_address>
         <size>0xb4</size>
         <input_file_ref idref="fl-8e"/>
      </object_component>
      <object_component id="oc-2c">
         <name>.debug_info</name>
         <load_address>0x6bb</load_address>
         <run_address>0x6bb</run_address>
         <size>0x191</size>
         <input_file_ref idref="fl-9e"/>
      </object_component>
      <object_component id="oc-31">
         <name>.debug_info</name>
         <load_address>0x84c</load_address>
         <run_address>0x84c</run_address>
         <size>0xf7</size>
         <input_file_ref idref="fl-9c"/>
      </object_component>
      <object_component id="oc-36">
         <name>.debug_info</name>
         <load_address>0x943</load_address>
         <run_address>0x943</run_address>
         <size>0x10d</size>
         <input_file_ref idref="fl-86"/>
      </object_component>
      <object_component id="oc-3c">
         <name>.debug_info</name>
         <load_address>0xa50</load_address>
         <run_address>0xa50</run_address>
         <size>0xd5</size>
         <input_file_ref idref="fl-8d"/>
      </object_component>
      <object_component id="oc-41">
         <name>.debug_info</name>
         <load_address>0xb25</load_address>
         <run_address>0xb25</run_address>
         <size>0x53</size>
         <input_file_ref idref="fl-82"/>
      </object_component>
      <object_component id="oc-47">
         <name>.debug_info</name>
         <load_address>0xb78</load_address>
         <run_address>0xb78</run_address>
         <size>0x53</size>
         <input_file_ref idref="fl-84"/>
      </object_component>
      <object_component id="oc-4d">
         <name>.debug_info</name>
         <load_address>0xbcb</load_address>
         <run_address>0xbcb</run_address>
         <size>0x2f3</size>
         <input_file_ref idref="fl-83"/>
      </object_component>
      <object_component id="oc-52">
         <name>.debug_info</name>
         <load_address>0xebe</load_address>
         <run_address>0xebe</run_address>
         <size>0x1d8</size>
         <input_file_ref idref="fl-83"/>
      </object_component>
      <object_component id="oc-53">
         <name>.debug_info</name>
         <load_address>0x1096</load_address>
         <run_address>0x1096</run_address>
         <size>0x46</size>
         <input_file_ref idref="fl-83"/>
      </object_component>
      <object_component id="oc-5a">
         <name>.debug_info</name>
         <load_address>0x10dc</load_address>
         <run_address>0x10dc</run_address>
         <size>0x10b</size>
         <input_file_ref idref="fl-81"/>
      </object_component>
      <object_component id="oc-5d">
         <name>.debug_info</name>
         <load_address>0x11e7</load_address>
         <run_address>0x11e7</run_address>
         <size>0x16b</size>
         <input_file_ref idref="fl-8e"/>
      </object_component>
      <object_component id="oc-5f">
         <name>.debug_info</name>
         <load_address>0x1352</load_address>
         <run_address>0x1352</run_address>
         <size>0x18f</size>
         <input_file_ref idref="fl-a0"/>
      </object_component>
      <object_component id="oc-64">
         <name>.debug_info</name>
         <load_address>0x14e1</load_address>
         <run_address>0x14e1</run_address>
         <size>0x165</size>
         <input_file_ref idref="fl-b2"/>
      </object_component>
      <object_component id="oc-69">
         <name>.debug_info</name>
         <load_address>0x1646</load_address>
         <run_address>0x1646</run_address>
         <size>0x160</size>
         <input_file_ref idref="fl-9f"/>
      </object_component>
      <object_component id="oc-6f">
         <name>.debug_info</name>
         <load_address>0x17a6</load_address>
         <run_address>0x17a6</run_address>
         <size>0x3a2</size>
         <input_file_ref idref="fl-2"/>
      </object_component>
      <object_component id="oc-75">
         <name>.debug_info</name>
         <load_address>0x1b48</load_address>
         <run_address>0x1b48</run_address>
         <size>0x94</size>
         <input_file_ref idref="fl-81"/>
      </object_component>
      <object_component id="oc-7b">
         <name>.debug_info</name>
         <load_address>0x1bdc</load_address>
         <run_address>0x1bdc</run_address>
         <size>0x128</size>
         <input_file_ref idref="fl-86"/>
      </object_component>
      <object_component id="oc-7e">
         <name>.debug_info</name>
         <load_address>0x1d04</load_address>
         <run_address>0x1d04</run_address>
         <size>0x11f</size>
         <input_file_ref idref="fl-86"/>
      </object_component>
      <object_component id="oc-83">
         <name>.debug_info</name>
         <load_address>0x1e23</load_address>
         <run_address>0x1e23</run_address>
         <size>0x8d</size>
         <input_file_ref idref="fl-82"/>
      </object_component>
      <object_component id="oc-89">
         <name>.debug_info</name>
         <load_address>0x1eb0</load_address>
         <run_address>0x1eb0</run_address>
         <size>0x46</size>
         <input_file_ref idref="fl-82"/>
      </object_component>
      <object_component id="oc-8e">
         <name>.debug_info</name>
         <load_address>0x1ef6</load_address>
         <run_address>0x1ef6</run_address>
         <size>0xe6</size>
         <input_file_ref idref="fl-82"/>
      </object_component>
      <object_component id="oc-8f">
         <name>.debug_info</name>
         <load_address>0x1fdc</load_address>
         <run_address>0x1fdc</run_address>
         <size>0x2c</size>
         <input_file_ref idref="fl-83"/>
      </object_component>
      <object_component id="oc-94">
         <name>.debug_info</name>
         <load_address>0x2008</load_address>
         <run_address>0x2008</run_address>
         <size>0x1ce</size>
         <input_file_ref idref="fl-84"/>
      </object_component>
      <object_component id="oc-9a">
         <name>.debug_info</name>
         <load_address>0x21d6</load_address>
         <run_address>0x21d6</run_address>
         <size>0x1d9</size>
         <input_file_ref idref="fl-81"/>
      </object_component>
      <object_component id="oc-a1">
         <name>.debug_info</name>
         <load_address>0x23af</load_address>
         <run_address>0x23af</run_address>
         <size>0x110</size>
         <input_file_ref idref="fl-86"/>
      </object_component>
      <object_component id="oc-a6">
         <name>.debug_info</name>
         <load_address>0x24bf</load_address>
         <run_address>0x24bf</run_address>
         <size>0x70</size>
         <input_file_ref idref="fl-8e"/>
      </object_component>
      <object_component id="oc-ac">
         <name>.debug_info</name>
         <load_address>0x252f</load_address>
         <run_address>0x252f</run_address>
         <size>0x141</size>
         <input_file_ref idref="fl-a0"/>
      </object_component>
      <object_component id="oc-ae">
         <name>.debug_info</name>
         <load_address>0x2670</load_address>
         <run_address>0x2670</run_address>
         <size>0x254</size>
         <input_file_ref idref="fl-b2"/>
      </object_component>
      <object_component id="oc-b2">
         <name>.debug_info</name>
         <load_address>0x28c4</load_address>
         <run_address>0x28c4</run_address>
         <size>0xdc</size>
         <input_file_ref idref="fl-2"/>
      </object_component>
      <object_component id="oc-b5">
         <name>.debug_info</name>
         <load_address>0x29a0</load_address>
         <run_address>0x29a0</run_address>
         <size>0x128</size>
         <input_file_ref idref="fl-91"/>
      </object_component>
      <object_component id="oc-ba">
         <name>.debug_info</name>
         <load_address>0x2ac8</load_address>
         <run_address>0x2ac8</run_address>
         <size>0x1468</size>
         <input_file_ref idref="fl-3"/>
      </object_component>
      <object_component id="oc-c0">
         <name>.debug_info</name>
         <load_address>0x3f30</load_address>
         <run_address>0x3f30</run_address>
         <size>0x94</size>
         <input_file_ref idref="fl-2"/>
      </object_component>
      <object_component id="oc-c5">
         <name>.debug_info</name>
         <load_address>0x3fc4</load_address>
         <run_address>0x3fc4</run_address>
         <size>0x267</size>
         <input_file_ref idref="fl-2"/>
      </object_component>
      <object_component id="oc-ca">
         <name>.debug_info</name>
         <load_address>0x422b</load_address>
         <run_address>0x422b</run_address>
         <size>0x257</size>
         <input_file_ref idref="fl-2"/>
      </object_component>
      <object_component id="oc-cd">
         <name>.debug_info</name>
         <load_address>0x4482</load_address>
         <run_address>0x4482</run_address>
         <size>0x12c</size>
         <input_file_ref idref="fl-86"/>
      </object_component>
      <object_component id="oc-d5">
         <name>.debug_info</name>
         <load_address>0x45ae</load_address>
         <run_address>0x45ae</run_address>
         <size>0xcd</size>
         <input_file_ref idref="fl-a0"/>
      </object_component>
      <object_component id="oc-df">
         <name>.debug_info</name>
         <load_address>0x467b</load_address>
         <run_address>0x467b</run_address>
         <size>0xc6</size>
         <input_file_ref idref="fl-9a"/>
      </object_component>
      <object_component id="oc-e2">
         <name>.debug_info</name>
         <load_address>0x4741</load_address>
         <run_address>0x4741</run_address>
         <size>0xaa</size>
         <input_file_ref idref="fl-a2"/>
      </object_component>
      <object_component id="oc-e5">
         <name>.debug_info</name>
         <load_address>0x47eb</load_address>
         <run_address>0x47eb</run_address>
         <size>0x10c</size>
         <input_file_ref idref="fl-91"/>
      </object_component>
      <object_component id="oc-ea">
         <name>.debug_info</name>
         <load_address>0x48f7</load_address>
         <run_address>0x48f7</run_address>
         <size>0xfd</size>
         <input_file_ref idref="fl-91"/>
      </object_component>
      <object_component id="oc-ef">
         <name>.debug_info</name>
         <load_address>0x49f4</load_address>
         <run_address>0x49f4</run_address>
         <size>0x419</size>
         <input_file_ref idref="fl-9b"/>
      </object_component>
      <object_component id="oc-f4">
         <name>.debug_info</name>
         <load_address>0x4e0d</load_address>
         <run_address>0x4e0d</run_address>
         <size>0x1e4</size>
         <input_file_ref idref="fl-91"/>
      </object_component>
      <object_component id="oc-f7">
         <name>.debug_info</name>
         <load_address>0x4ff1</load_address>
         <run_address>0x4ff1</run_address>
         <size>0x111</size>
         <input_file_ref idref="fl-3"/>
      </object_component>
      <object_component id="oc-fa">
         <name>.debug_info</name>
         <load_address>0x5102</load_address>
         <run_address>0x5102</run_address>
         <size>0x125</size>
         <input_file_ref idref="fl-3"/>
      </object_component>
      <object_component id="oc-fd">
         <name>.debug_info</name>
         <load_address>0x5227</load_address>
         <run_address>0x5227</run_address>
         <size>0x137</size>
         <input_file_ref idref="fl-89"/>
      </object_component>
      <object_component id="oc-102">
         <name>.debug_info</name>
         <load_address>0x535e</load_address>
         <run_address>0x535e</run_address>
         <size>0x2a4</size>
         <input_file_ref idref="fl-8a"/>
      </object_component>
      <object_component id="oc-107">
         <name>.debug_info</name>
         <load_address>0x5602</load_address>
         <run_address>0x5602</run_address>
         <size>0x19d</size>
         <input_file_ref idref="fl-8e"/>
      </object_component>
      <object_component id="oc-10c">
         <name>.debug_info</name>
         <load_address>0x579f</load_address>
         <run_address>0x579f</run_address>
         <size>0x113</size>
         <input_file_ref idref="fl-87"/>
      </object_component>
      <object_component id="oc-111">
         <name>.debug_info</name>
         <load_address>0x58b2</load_address>
         <run_address>0x58b2</run_address>
         <size>0xde</size>
         <input_file_ref idref="fl-95"/>
      </object_component>
      <object_component id="oc-116">
         <name>.debug_info</name>
         <load_address>0x5990</load_address>
         <run_address>0x5990</run_address>
         <size>0x437</size>
         <input_file_ref idref="fl-8b"/>
      </object_component>
      <object_component id="oc-11b">
         <name>.debug_info</name>
         <load_address>0x5dc7</load_address>
         <run_address>0x5dc7</run_address>
         <size>0xc8</size>
         <input_file_ref idref="fl-85"/>
      </object_component>
      <object_component id="oc-120">
         <name>.debug_info</name>
         <load_address>0x5e8f</load_address>
         <run_address>0x5e8f</run_address>
         <size>0x15e</size>
         <input_file_ref idref="fl-90"/>
      </object_component>
      <object_component id="oc-125">
         <name>.debug_info</name>
         <load_address>0x5fed</load_address>
         <run_address>0x5fed</run_address>
         <size>0xf8</size>
         <input_file_ref idref="fl-92"/>
      </object_component>
      <object_component id="oc-12a">
         <name>.debug_info</name>
         <load_address>0x60e5</load_address>
         <run_address>0x60e5</run_address>
         <size>0xe9</size>
         <input_file_ref idref="fl-92"/>
      </object_component>
      <object_component id="oc-12f">
         <name>.debug_info</name>
         <load_address>0x61ce</load_address>
         <run_address>0x61ce</run_address>
         <size>0xc8</size>
         <input_file_ref idref="fl-93"/>
      </object_component>
      <object_component id="oc-134">
         <name>.debug_info</name>
         <load_address>0x6296</load_address>
         <run_address>0x6296</run_address>
         <size>0x1fa</size>
         <input_file_ref idref="fl-8e"/>
      </object_component>
      <object_component id="oc-139">
         <name>.debug_info</name>
         <load_address>0x6490</load_address>
         <run_address>0x6490</run_address>
         <size>0x2e8</size>
         <input_file_ref idref="fl-3"/>
      </object_component>
      <object_component id="oc-13f">
         <name>.debug_info</name>
         <load_address>0x6778</load_address>
         <run_address>0x6778</run_address>
         <size>0xda</size>
         <input_file_ref idref="fl-9a"/>
      </object_component>
      <object_component id="oc-145">
         <name>.debug_info</name>
         <load_address>0x6852</load_address>
         <run_address>0x6852</run_address>
         <size>0x9a</size>
         <input_file_ref idref="fl-9a"/>
      </object_component>
      <object_component id="oc-148">
         <name>.debug_info</name>
         <load_address>0x68ec</load_address>
         <run_address>0x68ec</run_address>
         <size>0xcb</size>
         <input_file_ref idref="fl-a2"/>
      </object_component>
      <object_component id="oc-14a">
         <name>.debug_info</name>
         <load_address>0x69b7</load_address>
         <run_address>0x69b7</run_address>
         <size>0x3e5</size>
         <input_file_ref idref="fl-a7"/>
      </object_component>
      <object_component id="oc-150">
         <name>.debug_info</name>
         <load_address>0x6d9c</load_address>
         <run_address>0x6d9c</run_address>
         <size>0x183</size>
         <input_file_ref idref="fl-a6"/>
      </object_component>
      <object_component id="oc-156">
         <name>.debug_info</name>
         <load_address>0x6f1f</load_address>
         <run_address>0x6f1f</run_address>
         <size>0x1f6</size>
         <input_file_ref idref="fl-9b"/>
      </object_component>
      <object_component id="oc-15b">
         <name>.debug_info</name>
         <load_address>0x7115</load_address>
         <run_address>0x7115</run_address>
         <size>0x20c</size>
         <input_file_ref idref="fl-9b"/>
      </object_component>
      <object_component id="oc-160">
         <name>.debug_info</name>
         <load_address>0x7321</load_address>
         <run_address>0x7321</run_address>
         <size>0x233</size>
         <input_file_ref idref="fl-9b"/>
      </object_component>
      <object_component id="oc-165">
         <name>.debug_info</name>
         <load_address>0x7554</load_address>
         <run_address>0x7554</run_address>
         <size>0x37c</size>
         <input_file_ref idref="fl-9b"/>
      </object_component>
      <object_component id="oc-16a">
         <name>.debug_info</name>
         <load_address>0x78d0</load_address>
         <run_address>0x78d0</run_address>
         <size>0x212</size>
         <input_file_ref idref="fl-9b"/>
      </object_component>
      <object_component id="oc-16b">
         <name>.debug_info</name>
         <load_address>0x7ae2</load_address>
         <run_address>0x7ae2</run_address>
         <size>0x2c</size>
         <input_file_ref idref="fl-87"/>
      </object_component>
      <object_component id="oc-172">
         <name>.debug_info</name>
         <load_address>0x7b0e</load_address>
         <run_address>0x7b0e</run_address>
         <size>0xc8</size>
         <input_file_ref idref="fl-87"/>
      </object_component>
      <object_component id="oc-17c">
         <name>.debug_info</name>
         <load_address>0x7bd6</load_address>
         <run_address>0x7bd6</run_address>
         <size>0x19a</size>
         <input_file_ref idref="fl-89"/>
      </object_component>
      <object_component id="oc-181">
         <name>.debug_info</name>
         <load_address>0x7d70</load_address>
         <run_address>0x7d70</run_address>
         <size>0x13b</size>
         <input_file_ref idref="fl-89"/>
      </object_component>
      <object_component id="oc-186">
         <name>.debug_info</name>
         <load_address>0x7eab</load_address>
         <run_address>0x7eab</run_address>
         <size>0x1fa</size>
         <input_file_ref idref="fl-89"/>
      </object_component>
      <object_component id="oc-188">
         <name>.debug_info</name>
         <load_address>0x80a5</load_address>
         <run_address>0x80a5</run_address>
         <size>0x10e</size>
         <input_file_ref idref="fl-99"/>
      </object_component>
      <object_component id="oc-18d">
         <name>.debug_info</name>
         <load_address>0x81b3</load_address>
         <run_address>0x81b3</run_address>
         <size>0x187</size>
         <input_file_ref idref="fl-98"/>
      </object_component>
      <object_component id="oc-192">
         <name>.debug_info</name>
         <load_address>0x833a</load_address>
         <run_address>0x833a</run_address>
         <size>0xc8</size>
         <input_file_ref idref="fl-a4"/>
      </object_component>
      <object_component id="oc-197">
         <name>.debug_info</name>
         <load_address>0x8402</load_address>
         <run_address>0x8402</run_address>
         <size>0x132</size>
         <input_file_ref idref="fl-8c"/>
      </object_component>
      <object_component id="oc-19c">
         <name>.debug_info</name>
         <load_address>0x8534</load_address>
         <run_address>0x8534</run_address>
         <size>0x183</size>
         <input_file_ref idref="fl-8a"/>
      </object_component>
      <object_component id="oc-19e">
         <name>.debug_info</name>
         <load_address>0x86b7</load_address>
         <run_address>0x86b7</run_address>
         <size>0xff</size>
         <input_file_ref idref="fl-8e"/>
      </object_component>
      <object_component id="oc-1a1">
         <name>.debug_info</name>
         <load_address>0x87b6</load_address>
         <run_address>0x87b6</run_address>
         <size>0xf3</size>
         <input_file_ref idref="fl-8e"/>
      </object_component>
      <object_component id="oc-1a6">
         <name>.debug_info</name>
         <load_address>0x88a9</load_address>
         <run_address>0x88a9</run_address>
         <size>0x142</size>
         <input_file_ref idref="fl-8e"/>
      </object_component>
      <object_component id="oc-1ab">
         <name>.debug_info</name>
         <load_address>0x89eb</load_address>
         <run_address>0x89eb</run_address>
         <size>0x141</size>
         <input_file_ref idref="fl-8e"/>
      </object_component>
      <object_component id="oc-1b1">
         <name>.debug_info</name>
         <load_address>0x8b2c</load_address>
         <run_address>0x8b2c</run_address>
         <size>0x147</size>
         <input_file_ref idref="fl-87"/>
      </object_component>
      <object_component id="oc-1b6">
         <name>.debug_info</name>
         <load_address>0x8c73</load_address>
         <run_address>0x8c73</run_address>
         <size>0x1d3</size>
         <input_file_ref idref="fl-87"/>
      </object_component>
      <object_component id="oc-1b9">
         <name>.debug_info</name>
         <load_address>0x8e46</load_address>
         <run_address>0x8e46</run_address>
         <size>0x116</size>
         <input_file_ref idref="fl-99"/>
      </object_component>
      <object_component id="oc-1be">
         <name>.debug_info</name>
         <load_address>0x8f5c</load_address>
         <run_address>0x8f5c</run_address>
         <size>0x104</size>
         <input_file_ref idref="fl-88"/>
      </object_component>
      <object_component id="oc-1c3">
         <name>.debug_info</name>
         <load_address>0x9060</load_address>
         <run_address>0x9060</run_address>
         <size>0x134</size>
         <input_file_ref idref="fl-8c"/>
      </object_component>
      <object_component id="oc-1c8">
         <name>.debug_info</name>
         <load_address>0x9194</load_address>
         <run_address>0x9194</run_address>
         <size>0x1b6</size>
         <input_file_ref idref="fl-8b"/>
      </object_component>
      <object_component id="oc-1cc">
         <name>.debug_info</name>
         <load_address>0x934a</load_address>
         <run_address>0x934a</run_address>
         <size>0xfc</size>
         <input_file_ref idref="fl-a5"/>
      </object_component>
      <object_component id="oc-1d1">
         <name>.debug_info</name>
         <load_address>0x9446</load_address>
         <run_address>0x9446</run_address>
         <size>0x15b</size>
         <input_file_ref idref="fl-90"/>
      </object_component>
      <object_component id="oc-1d3">
         <name>.debug_info</name>
         <load_address>0x95a1</load_address>
         <run_address>0x95a1</run_address>
         <size>0xa3</size>
         <input_file_ref idref="fl-92"/>
      </object_component>
      <object_component id="oc-1db">
         <name>.debug_info</name>
         <load_address>0x9644</load_address>
         <run_address>0x9644</run_address>
         <size>0xc8</size>
         <input_file_ref idref="fl-2"/>
      </object_component>
      <object_component id="oc-1e6">
         <name>.debug_info</name>
         <load_address>0x970c</load_address>
         <run_address>0x970c</run_address>
         <size>0x1bb</size>
         <input_file_ref idref="fl-a7"/>
      </object_component>
      <object_component id="oc-1e8">
         <name>.debug_info</name>
         <load_address>0x98c7</load_address>
         <run_address>0x98c7</run_address>
         <size>0x184</size>
         <input_file_ref idref="fl-a6"/>
      </object_component>
      <object_component id="oc-1eb">
         <name>.debug_info</name>
         <load_address>0x9a4b</load_address>
         <run_address>0x9a4b</run_address>
         <size>0x164</size>
         <input_file_ref idref="fl-8f"/>
      </object_component>
      <object_component id="oc-1f0">
         <name>.debug_info</name>
         <load_address>0x9baf</load_address>
         <run_address>0x9baf</run_address>
         <size>0x180</size>
         <input_file_ref idref="fl-9d"/>
      </object_component>
      <object_component id="oc-1f6">
         <name>.debug_info</name>
         <load_address>0x9d2f</load_address>
         <run_address>0x9d2f</run_address>
         <size>0x1c9</size>
         <input_file_ref idref="fl-9b"/>
      </object_component>
      <object_component id="oc-1fb">
         <name>.debug_info</name>
         <load_address>0x9ef8</load_address>
         <run_address>0x9ef8</run_address>
         <size>0x1ff</size>
         <input_file_ref idref="fl-9b"/>
      </object_component>
      <object_component id="oc-200">
         <name>.debug_info</name>
         <load_address>0xa0f7</load_address>
         <run_address>0xa0f7</run_address>
         <size>0x17e</size>
         <input_file_ref idref="fl-af"/>
      </object_component>
      <object_component id="oc-209">
         <name>.debug_info</name>
         <load_address>0xa275</load_address>
         <run_address>0xa275</run_address>
         <size>0x101</size>
         <input_file_ref idref="fl-9b"/>
      </object_component>
      <object_component id="oc-210">
         <name>.debug_info</name>
         <load_address>0xa376</load_address>
         <run_address>0xa376</run_address>
         <size>0xaa</size>
         <input_file_ref idref="fl-a2"/>
      </object_component>
      <object_component id="oc-214">
         <name>.debug_info</name>
         <load_address>0xa420</load_address>
         <run_address>0xa420</run_address>
         <size>0x172</size>
         <input_file_ref idref="fl-89"/>
      </object_component>
      <object_component id="oc-219">
         <name>.debug_info</name>
         <load_address>0xa592</load_address>
         <run_address>0xa592</run_address>
         <size>0x1c2</size>
         <input_file_ref idref="fl-8c"/>
      </object_component>
      <object_component id="oc-220">
         <name>.debug_info</name>
         <load_address>0xa754</load_address>
         <run_address>0xa754</run_address>
         <size>0xbb</size>
         <input_file_ref idref="fl-89"/>
      </object_component>
      <object_component id="oc-226">
         <name>.debug_info</name>
         <load_address>0xa80f</load_address>
         <run_address>0xa80f</run_address>
         <size>0x177</size>
         <input_file_ref idref="fl-b1"/>
      </object_component>
      <object_component id="oc-22b">
         <name>.debug_info</name>
         <load_address>0xa986</load_address>
         <run_address>0xa986</run_address>
         <size>0x104</size>
         <input_file_ref idref="fl-99"/>
      </object_component>
      <object_component id="oc-22d">
         <name>.debug_info</name>
         <load_address>0xaa8a</load_address>
         <run_address>0xaa8a</run_address>
         <size>0x138</size>
         <input_file_ref idref="fl-98"/>
      </object_component>
      <object_component id="oc-230">
         <name>.debug_info</name>
         <load_address>0xabc2</load_address>
         <run_address>0xabc2</run_address>
         <size>0xab</size>
         <input_file_ref idref="fl-8c"/>
      </object_component>
      <object_component id="oc-233">
         <name>.debug_info</name>
         <load_address>0xac6d</load_address>
         <run_address>0xac6d</run_address>
         <size>0x324</size>
         <input_file_ref idref="fl-8c"/>
      </object_component>
      <object_component id="oc-23c">
         <name>.debug_info</name>
         <load_address>0xaf91</load_address>
         <run_address>0xaf91</run_address>
         <size>0x11d</size>
         <input_file_ref idref="fl-8c"/>
      </object_component>
      <object_component id="oc-241">
         <name>.debug_info</name>
         <load_address>0xb0ae</load_address>
         <run_address>0xb0ae</run_address>
         <size>0x11e</size>
         <input_file_ref idref="fl-8c"/>
      </object_component>
      <object_component id="oc-246">
         <name>.debug_info</name>
         <load_address>0xb1cc</load_address>
         <run_address>0xb1cc</run_address>
         <size>0xac</size>
         <input_file_ref idref="fl-a2"/>
      </object_component>
      <object_component id="oc-24c">
         <name>.debug_info</name>
         <load_address>0xb278</load_address>
         <run_address>0xb278</run_address>
         <size>0x162</size>
         <input_file_ref idref="fl-a9"/>
      </object_component>
      <object_component id="oc-252">
         <name>.debug_info</name>
         <load_address>0xb3da</load_address>
         <run_address>0xb3da</run_address>
         <size>0x155</size>
         <input_file_ref idref="fl-88"/>
      </object_component>
      <object_component id="oc-257">
         <name>.debug_info</name>
         <load_address>0xb52f</load_address>
         <run_address>0xb52f</run_address>
         <size>0xab</size>
         <input_file_ref idref="fl-a5"/>
      </object_component>
      <object_component id="oc-25a">
         <name>.debug_info</name>
         <load_address>0xb5da</load_address>
         <run_address>0xb5da</run_address>
         <size>0x98</size>
         <input_file_ref idref="fl-a5"/>
      </object_component>
      <object_component id="oc-264">
         <name>.debug_info</name>
         <load_address>0xb672</load_address>
         <run_address>0xb672</run_address>
         <size>0x1ac</size>
         <input_file_ref idref="fl-8f"/>
      </object_component>
      <object_component id="oc-266">
         <name>.debug_info</name>
         <load_address>0xb81e</load_address>
         <run_address>0xb81e</run_address>
         <size>0xad</size>
         <input_file_ref idref="fl-a1"/>
      </object_component>
      <object_component id="oc-269">
         <name>.debug_info</name>
         <load_address>0xb8cb</load_address>
         <run_address>0xb8cb</run_address>
         <size>0xf7</size>
         <input_file_ref idref="fl-9d"/>
      </object_component>
      <object_component id="oc-26b">
         <name>.debug_info</name>
         <load_address>0xb9c2</load_address>
         <run_address>0xb9c2</run_address>
         <size>0x130</size>
         <input_file_ref idref="fl-9b"/>
      </object_component>
      <object_component id="oc-270">
         <name>.debug_info</name>
         <load_address>0xbaf2</load_address>
         <run_address>0xbaf2</run_address>
         <size>0xfd</size>
         <input_file_ref idref="fl-ac"/>
      </object_component>
      <object_component id="oc-275">
         <name>.debug_info</name>
         <load_address>0xbbef</load_address>
         <run_address>0xbbef</run_address>
         <size>0x20a</size>
         <input_file_ref idref="fl-9b"/>
      </object_component>
      <object_component id="oc-27a">
         <name>.debug_info</name>
         <load_address>0xbdf9</load_address>
         <run_address>0xbdf9</run_address>
         <size>0x147</size>
         <input_file_ref idref="fl-9b"/>
      </object_component>
      <object_component id="oc-27f">
         <name>.debug_info</name>
         <load_address>0xbf40</load_address>
         <run_address>0xbf40</run_address>
         <size>0x322</size>
         <input_file_ref idref="fl-9b"/>
      </object_component>
      <object_component id="oc-285">
         <name>.debug_info</name>
         <load_address>0xc262</load_address>
         <run_address>0xc262</run_address>
         <size>0x16f</size>
         <input_file_ref idref="fl-9b"/>
      </object_component>
      <object_component id="oc-28a">
         <name>.debug_info</name>
         <load_address>0xc3d1</load_address>
         <run_address>0xc3d1</run_address>
         <size>0xf4</size>
[...]
            <run_size>0x32c</run_size>
            <compression>rle</compression>
         </cprec>
         <cprec>
            <name>.bss</name>
            <load_address>0x80919820</load_address>
            <load_size>0x8</load_size>
            <run_address>0x80919710</run_address>
            <run_size>0x8</run_size>
            <compression>zero_init</compression>
         </cprec>
         <cprec>
            <name>.far</name>
            <load_address>0x80919828</load_address>
            <load_size>0x8</load_size>
            <run_address>0x809183a0</run_address>
            <run_size>0x948</run_size>
            <compression>zero_init</compression>
         </cprec>
      </cptbl>
   </cptbl_list>
   <handler_table>
      <handler_table_name>__TI_handler_table</handler_table_name>
      <handler>
         <index>0x0</index>
         <name>__TI_zero_init</name>
      </handler>
      <handler>
         <index>0x1</index>
         <name>__TI_decompress_rle24</name>
      </handler>
      <handler>
         <index>0x2</index>
         <name>__TI_decompress_none</name>
      </handler>
   </handler_table>
   <symbol_table>
      <symbol id="sm-1">
         <name>__TI_CINIT_Base</name>
         <value>0x80919830</value>
      </symbol>
      <symbol id="sm-2">
         <name>__TI_CINIT_Limit</name>
         <value>0x80919848</value>
      </symbol>
      <symbol id="sm-3">
         <name>__TI_Handler_Table_Base</name>
         <value>0x80919814</value>
      </symbol>
      <symbol id="sm-4">
         <name>__TI_Handler_Table_Limit</name>
         <value>0x80919820</value>
      </symbol>
      <symbol id="sm-5">
         <name>binit</name>
         <value>0xffffffff</value>
      </symbol>
      <symbol id="sm-6">
         <name>__binit__</name>
         <value>0xffffffff</value>
      </symbol>
      <symbol id="sm-7">
         <name>__TI_STACK_SIZE</name>
         <value>0x10000</value>
      </symbol>
      <symbol id="sm-8">
         <name>__TI_STACK_END</name>
         <value>0x80910000</value>
      </symbol>
      <symbol id="sm-9">
         <name>__TI_SYSMEM_SIZE</name>
         <value>0x900000</value>
      </symbol>
      <symbol id="sm-a">
         <name>__c_args__</name>
         <value>0xffffffff</value>
      </symbol>
      <symbol id="sm-b">
         <name>__TI_pprof_out_hndl</name>
         <value>0xffffffff</value>
      </symbol>
      <symbol id="sm-c">
         <name>__TI_prof_data_start</name>
         <value>0xffffffff</value>
      </symbol>
      <symbol id="sm-d">
         <name>__TI_prof_data_size</name>
         <value>0xffffffff</value>
      </symbol>
      <symbol id="sm-73">
         <name>main</name>
         <value>0x80914e20</value>
         <object_component_ref idref="oc-6e"/>
      </symbol>
      <symbol id="sm-12c">
         <name>Compare</name>
         <value>0x8091094c</value>
         <object_component_ref idref="oc-b9"/>
      </symbol>
      <symbol id="sm-12d">
         <name>LsbGet</name>
         <value>0x80910848</value>
         <object_component_ref idref="oc-b9"/>
      </symbol>
      <symbol id="sm-12e">
         <name>GetBit</name>
         <value>0x80910d44</value>
         <object_component_ref idref="oc-b9"/>
      </symbol>
      <symbol id="sm-12f">
         <name>SetBit</name>
         <value>0x80910d7c</value>
         <object_component_ref idref="oc-b9"/>
      </symbol>
      <symbol id="sm-130">
         <name>randinterval</name>
         <value>0x80910b8c</value>
         <object_component_ref idref="oc-b9"/>
      </symbol>
      <symbol id="sm-131">
         <name>SaveBmp</name>
         <value>0x809102ec</value>
         <object_component_ref idref="oc-b9"/>
      </symbol>
      <symbol id="sm-132">
         <name>newpColorTable1</name>
         <value>0x809187a0</value>
         <object_component_ref idref="oc-f9"/>
      </symbol>
      <symbol id="sm-133">
         <name>newBmpBuf1</name>
         <value>0x80919714</value>
         <object_component_ref idref="oc-f6"/>
      </symbol>
      <symbol id="sm-134">
         <name>newBmpBuf</name>
         <value>0x80919710</value>
         <object_component_ref idref="oc-f6"/>
      </symbol>
      <symbol id="sm-135">
         <name>LsbHide</name>
         <value>0x80910578</value>
         <object_component_ref idref="oc-b9"/>
      </symbol>
      <symbol id="sm-136">
         <name>ReadBmp</name>
         <value>0x80910000</value>
         <object_component_ref idref="oc-b9"/>
      </symbol>
      <symbol id="sm-137">
         <name>newpColorTable</name>
         <value>0x809183a0</value>
         <object_component_ref idref="oc-f9"/>
      </symbol>
      <symbol id="sm-154">
         <name>_c_int00</name>
         <value>0x80919720</value>
         <object_component_ref idref="oc-11"/>
      </symbol>
      <symbol id="sm-155">
         <name>_stack</name>
         <value>0x80900000</value>
         <object_component_ref idref="oc-25"/>
      </symbol>
      <symbol id="sm-16f">
         <name>__TI_decompress_none</name>
         <value>0x80918360</value>
         <object_component_ref idref="oc-16"/>
      </symbol>
      <symbol id="sm-192">
         <name>__TI_decompress_rle24</name>
         <value>0x80918380</value>
         <object_component_ref idref="oc-20"/>
      </symbol>
      <symbol id="sm-1a3">
         <name>__TI_zero_init</name>
         <value>0x80916a40</value>
         <object_component_ref idref="oc-1b"/>
      </symbol>
      <symbol id="sm-1ac">
         <name>__c6xabi_divi</name>
         <value>0x809166c0</value>
         <object_component_ref idref="oc-11a"/>
      </symbol>
      <symbol id="sm-1ad">
         <name>__divi</name>
         <value>0x809166c0</value>
         <object_component_ref idref="oc-11a"/>
      </symbol>
      <symbol id="sm-1cf">
         <name>C$$EXIT</name>
         <value>0x80918340</value>
         <object_component_ref idref="oc-7d"/>
      </symbol>
      <symbol id="sm-1d0">
         <name>_dtors_ptr</name>
         <value>0x809195bc</value>
         <object_component_ref idref="oc-7a"/>
      </symbol>
      <symbol id="sm-1d1">
         <name>abort</name>
         <value>0x80918340</value>
         <object_component_ref idref="oc-7d"/>
      </symbol>
      <symbol id="sm-1d2">
         <name>_cleanup_ptr</name>
         <value>0x809195b8</value>
         <object_component_ref idref="oc-7a"/>
      </symbol>
      <symbol id="sm-1d3">
         <name>exit</name>
         <value>0x80917240</value>
         <object_component_ref idref="oc-35"/>
      </symbol>
      <symbol id="sm-1d4">
         <name>__TI_enable_exit_profile_output</name>
         <value>0x809195c0</value>
         <object_component_ref idref="oc-7a"/>
      </symbol>
      <symbol id="sm-1fe">
         <name>_closefile</name>
         <value>0x80915c80</value>
         <object_component_ref idref="oc-1b0"/>
      </symbol>
      <symbol id="sm-1ff">
         <name>fclose</name>
         <value>0x80917f60</value>
         <object_component_ref idref="oc-10b"/>
      </symbol>
      <symbol id="sm-20d">
         <name>_doflush</name>
         <value>0x809170c0</value>
         <object_component_ref idref="oc-1bd"/>
      </symbol>
      <symbol id="sm-245">
         <name>fopen</name>
         <value>0x80917fc0</value>
         <object_component_ref idref="oc-fc"/>
      </symbol>
      <symbol id="sm-246">
         <name>_cleanup</name>
         <value>0x80917460</value>
         <object_component_ref idref="oc-213"/>
      </symbol>
      <symbol id="sm-265">
         <name>fread</name>
         <value>0x80913140</value>
         <object_component_ref idref="oc-101"/>
      </symbol>
      <symbol id="sm-290">
         <name>fwrite</name>
         <value>0x80911e80</value>
         <object_component_ref idref="oc-115"/>
      </symbol>
      <symbol id="sm-312">
         <name>open</name>
         <value>0x80915620</value>
         <object_component_ref idref="oc-218"/>
      </symbol>
      <symbol id="sm-313">
         <name>lseek</name>
         <value>0x80917820</value>
         <object_component_ref idref="oc-2bf"/>
      </symbol>
      <symbol id="sm-314">
         <name>read</name>
         <value>0x80917aa0</value>
         <object_component_ref idref="oc-196"/>
      </symbol>
      <symbol id="sm-315">
         <name>write</name>
         <value>0x80917b40</value>
         <object_component_ref idref="oc-1c2"/>
      </symbol>
      <symbol id="sm-316">
         <name>close</name>
         <value>0x80916960</value>
         <object_component_ref idref="oc-23b"/>
      </symbol>
      <symbol id="sm-317">
         <name>unlink</name>
         <value>0x80917d60</value>
         <object_component_ref idref="oc-240"/>
      </symbol>
      <symbol id="sm-31f">
         <name>memcpy</name>
         <value>0x809178c0</value>
         <object_component_ref idref="oc-3b"/>
      </symbol>
      <symbol id="sm-376">
         <name>_sys_memory</name>
         <value>0x80000000</value>
         <object_component_ref idref="oc-28"/>
      </symbol>
      <symbol id="sm-377">
         <name>free</name>
         <value>0x80913920</value>
         <object_component_ref idref="oc-133"/>
      </symbol>
      <symbol id="sm-378">
         <name>malloc</name>
         <value>0x809154a0</value>
         <object_component_ref idref="oc-106"/>
      </symbol>
      <symbol id="sm-379">
         <name>_minit</name>
         <value>0x80917640</value>
         <object_component_ref idref="oc-1a0"/>
      </symbol>
      <symbol id="sm-385">
         <name>memset</name>
         <value>0x80916c00</value>
         <object_component_ref idref="oc-1ea"/>
      </symbol>
      <symbol id="sm-3a0">
         <name>perror</name>
         <value>0x80915a20</value>
         <object_component_ref idref="oc-11f"/>
      </symbol>
      <symbol id="sm-3be">
         <name>printf</name>
         <value>0x80916ce0</value>
         <object_component_ref idref="oc-b4"/>
      </symbol>
      <symbol id="sm-3d6">
         <name>rand</name>
         <value>0x80917c60</value>
         <object_component_ref idref="oc-129"/>
      </symbol>
      <symbol id="sm-3d7">
         <name>srand</name>
         <value>0x80918080</value>
         <object_component_ref idref="oc-124"/>
      </symbol>
      <symbol id="sm-3e0">
         <name>__remi</name>
         <value>0x80917000</value>
         <object_component_ref idref="oc-12e"/>
      </symbol>
      <symbol id="sm-3e1">
         <name>__c6xabi_remi</name>
         <value>0x80917000</value>
         <object_component_ref idref="oc-12e"/>
      </symbol>
      <symbol id="sm-3ea">
         <name>__c6xabi_strasgi_64plus</name>
         <value>0x80918220</value>
         <object_component_ref idref="oc-110"/>
      </symbol>
      <symbol id="sm-3eb">
         <name>__strasgi_64plus</name>
         <value>0x80918220</value>
         <object_component_ref idref="oc-110"/>
      </symbol>
      <symbol id="sm-430">
         <name>HOSTrename</name>
         <value>0x80914fe0</value>
         <object_component_ref idref="oc-332"/>
      </symbol>
      <symbol id="sm-431">
         <name>HOSTclose</name>
         <value>0x809173c0</value>
         <object_component_ref idref="oc-319"/>
      </symbol>
      <symbol id="sm-432">
         <name>HOSTunlink</name>
         <value>0x80916dc0</value>
         <object_component_ref idref="oc-32d"/>
      </symbol>
      <symbol id="sm-433">
         <name>HOSTlseek</name>
         <value>0x80916100</value>
         <object_component_ref idref="oc-328"/>
      </symbol>
      <symbol id="sm-434">
         <name>HOSTopen</name>
         <value>0x80916500</value>
         <object_component_ref idref="oc-314"/>
      </symbol>
      <symbol id="sm-435">
         <name>HOSTwrite</name>
         <value>0x80916e80</value>
         <object_component_ref idref="oc-323"/>
      </symbol>
      <symbol id="sm-436">
         <name>HOSTread</name>
         <value>0x809165e0</value>
         <object_component_ref idref="oc-31e"/>
      </symbol>
      <symbol id="sm-44e">
         <name>writemsg</name>
         <value>0x80918140</value>
         <object_component_ref idref="oc-362"/>
      </symbol>
      <symbol id="sm-44f">
         <name>C$$IO$$</name>
         <value>0x80918198</value>
         <object_component_ref idref="oc-362"/>
      </symbol>
      <symbol id="sm-450">
         <name>__CIOBUF_</name>
         <value>0x809195f0</value>
         <object_component_ref idref="oc-390"/>
      </symbol>
      <symbol id="sm-451">
         <name>readmsg</name>
         <value>0x80917ce0</value>
         <object_component_ref idref="oc-367"/>
      </symbol>
      <symbol id="sm-460">
         <name>_buff_read</name>
         <value>0x80915b60</value>
         <object_component_ref idref="oc-18c"/>
      </symbol>
      <symbol id="sm-479">
         <name>_wrt_ok</name>
         <value>0x80916300</value>
         <object_component_ref idref="oc-1b8"/>
      </symbol>
      <symbol id="sm-47a">
         <name>_rd_ok</name>
         <value>0x80917180</value>
         <object_component_ref idref="oc-187"/>
      </symbol>
      <symbol id="sm-48a">
         <name>_nop</name>
         <value>0x809182e0</value>
         <object_component_ref idref="oc-13e"/>
      </symbol>
      <symbol id="sm-48b">
         <name>_lock</name>
         <value>0x809195d0</value>
         <object_component_ref idref="oc-de"/>
      </symbol>
      <symbol id="sm-48c">
         <name>_unlock</name>
         <value>0x809195d4</value>
         <object_component_ref idref="oc-de"/>
      </symbol>
      <symbol id="sm-5e4">
         <name>_printfi</name>
         <value>0x80912340</value>
         <object_component_ref idref="oc-ee"/>
      </symbol>
      <symbol id="sm-5ec">
         <name>_args_main</name>
         <value>0x80918260</value>
         <object_component_ref idref="oc-30"/>
      </symbol>
      <symbol id="sm-5fb">
         <name>atoi</name>
         <value>0x80916880</value>
         <object_component_ref idref="oc-1ef"/>
      </symbol>
      <symbol id="sm-608">
         <name>_auto_init_elf</name>
         <value>0x80916200</value>
         <object_component_ref idref="oc-2b"/>
      </symbol>
      <symbol id="sm-613">
         <name>__TI_cpp_init</name>
         <value>0x80917de0</value>
         <object_component_ref idref="oc-68"/>
      </symbol>
      <symbol id="sm-629">
         <name>copy_in</name>
         <value>0x80916400</value>
         <object_component_ref idref="oc-5e"/>
      </symbol>
      <symbol id="sm-633">
         <name>_ctypes_</name>
         <value>0x809190f0</value>
         <object_component_ref idref="oc-265"/>
      </symbol>
      <symbol id="sm-647">
         <name>_tmpnams</name>
         <value>0x80918ba0</value>
         <object_component_ref idref="oc-245"/>
      </symbol>
      <symbol id="sm-648">
         <name>_ftable</name>
         <value>0x809192c0</value>
         <object_component_ref idref="oc-e1"/>
      </symbol>
      <symbol id="sm-649">
         <name>_ft_end</name>
         <value>0x809195d8</value>
         <object_component_ref idref="oc-20f"/>
      </symbol>
      <symbol id="sm-65d">
         <name>__c6xabi_divd</name>
         <value>0x80910de0</value>
         <object_component_ref idref="oc-2f0"/>
      </symbol>
      <symbol id="sm-666">
         <name>__c6xabi_divu</name>
         <value>0x80916f40</value>
         <object_component_ref idref="oc-191"/>
      </symbol>
      <symbol id="sm-667">
         <name>__divu</name>
         <value>0x80916f40</value>
         <object_component_ref idref="oc-191"/>
      </symbol>
      <symbol id="sm-677">
         <name>__errno</name>
         <value>0x809195dc</value>
         <object_component_ref idref="oc-256"/>
      </symbol>
      <symbol id="sm-678">
         <name>errno</name>
         <value>0x809195dc</value>
         <object_component_ref idref="oc-256"/>
      </symbol>
      <symbol id="sm-679">
         <name>__c6xabi_errno_addr</name>
         <value>0x809182a0</value>
         <object_component_ref idref="oc-1cb"/>
      </symbol>
      <symbol id="sm-695">
         <name>fputc</name>
         <value>0x80914480</value>
         <object_component_ref idref="oc-14f"/>
      </symbol>
      <symbol id="sm-6b5">
         <name>fputs</name>
         <value>0x809127a0</value>
         <object_component_ref idref="oc-149"/>
      </symbol>
      <symbol id="sm-6bd">
         <name>__c6xabi_frcmpyd_div</name>
         <value>0x80917e40</value>
         <object_component_ref idref="oc-34d"/>
      </symbol>
      <symbol id="sm-6cf">
         <name>fseek</name>
         <value>0x80915fe0</value>
         <object_component_ref idref="oc-24b"/>
      </symbol>
      <symbol id="sm-6d9">
         <name>__c6xabi_divul</name>
         <value>0x80915180</value>
         <object_component_ref idref="oc-353"/>
      </symbol>
      <symbol id="sm-6ee">
         <name>_subcull</name>
         <value>0x80917f00</value>
         <object_component_ref idref="oc-388"/>
      </symbol>
      <symbol id="sm-6ef">
         <name>__c6xabi_divull</name>
         <value>0x80913ba0</value>
         <object_component_ref idref="oc-358"/>
      </symbol>
      <symbol id="sm-6f7">
         <name>__c6xabi_isinf</name>
         <value>0x809181a0</value>
         <object_component_ref idref="oc-26f"/>
      </symbol>
      <symbol id="sm-70f">
         <name>__c6xabi_llshru</name>
         <value>0x80917ea0</value>
         <object_component_ref idref="oc-348"/>
      </symbol>
      <symbol id="sm-710">
         <name>__c6xabi_llshl</name>
         <value>0x80917be0</value>
         <object_component_ref idref="oc-383"/>
      </symbol>
      <symbol id="sm-71b">
         <name>ltoa</name>
         <value>0x80916b20</value>
         <object_component_ref idref="oc-33e"/>
      </symbol>
      <symbol id="sm-729">
         <name>memccpy</name>
         <value>0x80918020</value>
         <object_component_ref idref="oc-1ff"/>
      </symbol>
      <symbol id="sm-736">
         <name>__c6xabi_negll</name>
         <value>0x809182c0</value>
         <object_component_ref idref="oc-289"/>
      </symbol>
      <symbol id="sm-74e">
         <name>setvbuf</name>
         <value>0x809148a0</value>
         <object_component_ref idref="oc-225"/>
      </symbol>
      <symbol id="sm-75c">
         <name>__TI_tls_init</name>
         <value>0x80917300</value>
         <object_component_ref idref="oc-63"/>
      </symbol>
      <symbol id="sm-75f">
         <name>__TI_STATIC_BASE</name>
         <value>0x80919710</value>
      </symbol>
      <symbol id="sm-760">
         <name>__TI_args_main</name>
         <value>0x1</value>
      </symbol>
      <symbol id="sm-761">
         <name>__TI_INITARRAY_Base</name>
         <value>0x0</value>
      </symbol>
      <symbol id="sm-762">
         <name>__TI_INITARRAY_Limit</name>
         <value>0x0</value>
      </symbol>
      <symbol id="sm-763">
         <name>__TI_TLS_INIT_Base</name>
         <value>0x0</value>
      </symbol>
      <symbol id="sm-764">
         <name>__TI_TLS_INIT_Limit</name>
         <value>0x0</value>
      </symbol>
      <symbol id="sm-767">
         <name>remove</name>
         <value>0x80917d60</value>
      </symbol>
   </symbol_table>
</link_info>
